// Jest Snapshot v1, https://goo.gl/fbAQLP

exports[`<WelcomeComponent /> Should render WelcomeComponent 1`] = `
<Wrapper>
  <Text
    style={
      Object {
        "color": "#1c1c1c",
        "fontFamily": "Roboto-Bold",
        "fontSize": 20,
      }
    }
  >
    Hello
  </Text>
  <GeneralText
    color="#1c1c1c"
    size={25}
    title="Hello"
    variant="Roboto-Bold"
  />
  <Icon
    color="#ea3d13"
    name="rocket"
    size={25}
  />
  <View
    style={
      Object {
        "padding": 20,
        "width": "100%",
      }
    }
  >
    <Button
      color="#61dafb"
      height={60}
      onPress={[Function]}
      width="100%"
    >
      <GeneralText
        color="#1c1c1c"
        size={25}
        title="Button"
        variant="Roboto-Bold"
      />
    </Button>
  </View>
</Wrapper>
`;
