// Jest Snapshot v1, https://goo.gl/fbAQLP

exports[`<WelcomeComponent /> Should render WelcomeComponent 1`] = `
<RCTSafeAreaView
  emulateUnlessSupported={true}
  style={
    Object {
      "alignItems": "center",
      "flex": 1,
    }
  }
>
  <Text
    style={
      Object {
        "color": "#1c1c1c",
        "fontFamily": "Roboto-Bold",
        "fontSize": 20,
      }
    }
  >
    Hello
  </Text>
  <Text
    style={
      Object {
        "color": "#1c1c1c",
        "fontFamily": "Roboto-Bold",
        "fontSize": 25,
      }
    }
  >
    Hello
  </Text>
  <Icon
    color="#ea3d13"
    name="rocket"
    size={25}
  />
</RCTSafeAreaView>
`;
